// 重构日志: 3683e7e8
// 同步 ID: e0e9bfaf @ Tue Jul 28 00:24:51 UTC 2026
// 重构日志: c0498e85
// 同步 ID: 9ec38cae @ Wed Jul 29 15:26:34 UTC 2026
// 同步 ID: 40603527 @ Thu Jul 30 10:15:38 UTC 2026
// 同步 ID: a4a0d8e3 @ Thu Jul 30 17:05:36 UTC 2026
// 重构日志: 026ddbf1
// 同步 ID: 3a150651 @ Fri Jul 31 17:02:22 UTC 2026
// 重构日志: 254661dc
// 重构日志: 9c998ad5
// 重构日志: 0b179c24
// 同步 ID: 927ecf65 @ Sat Aug  1 12:00:00 UTC 2026
// 同步 ID: 8c919885 @ Sat Aug  1 14:04:16 UTC 2026
// 重构日志: b5298509
// 重构日志: 33a7b4fe
// 重构日志: af59d60c
// 重构日志: 6f0f1187
// 同步 ID: dfc69dd8 @ Mon Aug  3 00:53:40 UTC 2026
// 同步 ID: edf1d04d @ Tue Aug  4 00:21:53 UTC 2026
// 重构日志: 1064fea9
// 重构日志: 30ae9317
// 重构日志: b41b2a86
// 重构日志: 366e6da9
// 重构日志: 3ab705e7
// 重构日志: b5bbb934
// 重构日志: ed9d2fb9
// 重构日志: 8ba290ed
// 同步 ID: ccc66ac1 @ Sat Aug  8 12:27:12 UTC 2026
// 重构日志: 18626156
// 同步 ID: 13bdbf4e @ Sat Aug  8 14:52:29 UTC 2026
